// Jest Snapshot v1, https://goo.gl/fbAQLP

exports[`Navbar to match snapshot 1`] = `
<div>
  <nav
    class="border-b shadow"
  >
    <div
      class="container mx-auto"
    >
      <div
        class="px-8 py-4"
      >
        <a
          href="/"
        >
          <h1
            class="uppercase font-medium"
          >
            Countries
          </h1>
        </a>
      </div>
    </div>
  </nav>
</div>
`;
