// Jest Snapshot v1, https://goo.gl/fbAQLP

exports[`HomePage to match snapshot 1`] = `
<div>
  <div
    class="bg-gray-900 text-gray-100 h-screen"
  >
    <div
      class="flex flex-col h-full"
    >
      <nav
        class="border-b border-gray-700"
      >
        <div
          class="container mx-auto px-8 py-4"
        >
          <h1
            class="uppercase font-bold"
          >
            Weather
          </h1>
        </div>
      </nav>
      <main
        class="grow overflow-hidden"
      >
        <div
          class="h-full overflow-auto"
        >
          <div
            class="container mx-auto p-8"
          >
            <div
              class="grid grid-cols-1 md:grid-cols-2 lg:grid-cols-3 gap-4 md:gap-8"
            >
              <div
                class="border border-gray-700 rounded p-4"
              >
                <div
                  class="flex justify-center items-center"
                >
                  fetch is not defined
                </div>
              </div>
              <div
                class="border border-gray-700 rounded p-4"
              >
                <div
                  class="flex justify-center items-center"
                >
                  fetch is not defined
                </div>
              </div>
              <div
                class="border border-gray-700 rounded p-4"
              >
                <div
                  class="flex justify-center items-center"
                >
                  fetch is not defined
                </div>
              </div>
              <div
                class="border border-gray-700 rounded p-4"
              >
                <div
                  class="flex justify-center items-center"
                >
                  fetch is not defined
                </div>
              </div>
              <div
                class="border border-gray-700 rounded p-4"
              >
                <div
                  class="flex justify-center items-center"
                >
                  fetch is not defined
                </div>
              </div>
              <div
                class="border border-gray-700 rounded p-4"
              >
                <div
                  class="flex justify-center items-center"
                >
                  fetch is not defined
                </div>
              </div>
            </div>
          </div>
        </div>
      </main>
      <footer
        class="border-t border-gray-700"
      >
        <div
          class="container mx-auto px-8 py-4"
        >
          <p
            class="uppercase"
          >
            Â© 
            2023
             Weather
          </p>
        </div>
      </footer>
    </div>
  </div>
</div>
`;
