// Jest Snapshot v1, https://goo.gl/fbAQLP

exports[`Layout to match snapshot 1`] = `
<div>
  <div
    class="flex flex-col h-screen"
  >
    <nav
      class="border-b shadow"
    >
      <div
        class="container mx-auto"
      >
        <div
          class="px-8 py-4"
        >
          <div
            class="flex items-center gap-4 md:gap-8"
          >
            <a
              class="text-xl uppercase"
              href="/"
            >
              World
            </a>
            <a
              href="/countries"
            >
              Countries
            </a>
          </div>
        </div>
      </div>
    </nav>
    <main
      class="grow overflow-hidden"
    >
      <div
        class="h-full overflow-auto"
      />
    </main>
    <footer
      class="border-t"
    >
      <div
        class="container mx-auto"
      >
        <div
          class="px-8 py-4"
        >
          <p>
            Â© 
            2023
             
            World
          </p>
        </div>
      </div>
    </footer>
  </div>
</div>
`;
