// Jest Snapshot v1, https://goo.gl/fbAQLP

exports[`Videos to match snapshot 1`] = `
<div>
  <div
    class="chakra-card border border-gray-200 css-2dlz7"
  >
    <div
      class="chakra-card__body css-0"
    >
      <p
        class="text-center"
      >
        No Data
      </p>
    </div>
  </div>
</div>
`;
