// Jest Snapshot v1, https://goo.gl/fbAQLP

exports[`NotFoundPage to match snapshot 1`] = `
<div>
  <div
    class="flex flex-col h-screen"
  >
    <nav
      class="border-b shadow"
    >
      <div
        class="container mx-auto"
      >
        <div
          class="px-8 py-4"
        >
          <div
            class="flex items-center justify-between gap-4 lg:gap-8"
          >
            <div
              class="flex items-center gap-4 lg:gap-8"
            >
              <a
                class="text-xl uppercase"
                href="/"
              >
                World
              </a>
              <div
                class="hidden lg:block"
              >
                <div
                  class="flex items-center gap-2 lg:gap-4"
                >
                  <a
                    href="/countries"
                  >
                    Countries
                  </a>
                  <a
                    href="/currencies"
                  >
                    Currencies
                  </a>
                  <a
                    href="/languages"
                  >
                    Languages
                  </a>
                  <a
                    href="/organizations"
                  >
                    Organizations
                  </a>
                  <a
                    href="/passports"
                  >
                    Passports
                  </a>
                  <a
                    href="/timezones"
                  >
                    Timezones
                  </a>
                  <a
                    href="/trends"
                  >
                    Trends
                  </a>
                  <a
                    href="/weather"
                  >
                    Weather
                  </a>
                </div>
              </div>
            </div>
            <div
              class="block lg:hidden"
            >
              <button
                class="chakra-button css-4xx2wk"
                type="button"
              >
                <svg
                  class="chakra-icon css-onkibi"
                  focusable="false"
                  viewBox="0 0 24 24"
                >
                  <path
                    d="M 3 5 A 1.0001 1.0001 0 1 0 3 7 L 21 7 A 1.0001 1.0001 0 1 0 21 5 L 3 5 z M 3 11 A 1.0001 1.0001 0 1 0 3 13 L 21 13 A 1.0001 1.0001 0 1 0 21 11 L 3 11 z M 3 17 A 1.0001 1.0001 0 1 0 3 19 L 21 19 A 1.0001 1.0001 0 1 0 21 17 L 3 17 z"
                    fill="currentColor"
                  />
                </svg>
              </button>
            </div>
          </div>
        </div>
      </div>
    </nav>
    <main
      class="grow overflow-hidden"
    >
      <div
        class="h-full overflow-auto"
      >
        <div
          class="flex items-center justify-center h-full"
        >
          <div
            class="text-center"
          >
            <div
              class="text-9xl font-bold"
            >
              404
            </div>
            <div
              class="text-3xl uppercase"
            >
              Page Not Found
            </div>
          </div>
        </div>
      </div>
    </main>
    <footer
      class="border-t"
    >
      <div
        class="container mx-auto"
      >
        <div
          class="px-8 py-4"
        >
          <p>
            Â© 
            2023
             
            World
          </p>
        </div>
      </div>
    </footer>
  </div>
</div>
`;
