// Jest Snapshot v1, https://goo.gl/fbAQLP

exports[`Footer to match snapshot 1`] = `
<div>
  <footer
    class="border-t"
  >
    <div
      class="container mx-auto"
    >
      <div
        class="px-8 py-4"
      >
        <p>
          Â© 
          2023
           
          PRIME
        </p>
      </div>
    </div>
  </footer>
</div>
`;
