// Jest Snapshot v1, https://goo.gl/fbAQLP

exports[`Weather to match snapshot 1`] = `
<div>
  <div
    class="chakra-card border border-gray-200 css-2dlz7"
  >
    <div
      class="chakra-card__body css-0"
    >
      <div
        class="flex justify-center items-center"
      >
        fetch is not defined
      </div>
    </div>
  </div>
</div>
`;
