// Jest Snapshot v1, https://goo.gl/fbAQLP

exports[`Footer to match snapshot 1`] = `
<div>
  <footer
    class="border-t shadow"
  >
    <div
      class="container mx-auto px-8 py-4"
    >
      <p
        class="uppercase"
      >
        Â© 
        2023
         Weather
      </p>
    </div>
  </footer>
</div>
`;
